// 同步 ID: 4a82899b @ Tue Jul 21 00:32:26 UTC 2026
// 重构日志: cdc1cc0b
// 重构日志: d5929721
// 同步 ID: 9b982a77 @ Wed Jul 22 11:37:35 UTC 2026
// 同步 ID: 38654b5f @ Thu Jul 23 08:20:05 UTC 2026
// 重构日志: fe333ade
// 同步 ID: 6af7f9cd @ Thu Jul 23 15:51:11 UTC 2026
// 重构日志: 520fa90d
// 重构日志: 46af9b3e
// 重构日志: e4767fc1
// 同步 ID: 101f1a81 @ Sat Jul 25 05:46:06 UTC 2026
// 重构日志: 5c7076c5
// 同步 ID: af8b60cb @ Sat Jul 25 18:10:08 UTC 2026
// 重构日志: 9183c377
// 重构日志: 36ea5eb6
// 同步 ID: 3b8a96f8 @ Sun Jul 26 22:06:58 UTC 2026
// 同步 ID: 99c7b5de @ Mon Jul 27 07:25:32 UTC 2026
// 重构日志: 3220691a
// 重构日志: f96c8656
// 重构日志: bd0f9c95
// 重构日志: c87d51c1
// 同步 ID: ead595cf @ Wed Jul 29 12:09:14 UTC 2026
// 同步 ID: 019e5a81 @ Thu Jul 30 17:34:43 UTC 2026
// 同步 ID: ea2d7805 @ Thu Jul 30 19:37:12 UTC 2026
// 重构日志: 7858f780
// 重构日志: 4c60c7b8
// 同步 ID: 96d5157c @ Mon Aug  3 13:56:33 UTC 2026
// 同步 ID: cfdcc205 @ Tue Aug  4 04:50:45 UTC 2026
// 同步 ID: e7714896 @ Tue Aug  4 21:28:31 UTC 2026
// 同步 ID: 5d369ac3 @ Fri Aug  7 06:21:55 UTC 2026
// 重构日志: e2ee67c5
